[0.002s][info][gc] Using Parallel
[0.731s][info][gc] GC(0) Pause Young (Allocation Failure) 1025M->1M(3925M) 1.304ms
[1.157s][info][gc] GC(1) Pause Young (Allocation Failure) 1025M->1M(3925M) 0.475ms
[1.568s][info][gc] GC(2) Pause Young (Allocation Failure) 1025M->1M(3925M) 0.439ms
[1.969s][info][gc] GC(3) Pause Young (Allocation Failure) 1025M->1M(3925M) 0.450ms
[2.372s][info][gc] GC(4) Pause Young (Allocation Failure) 1025M->1M(3925M) 0.477ms
[2.776s][info][gc] GC(5) Pause Young (Allocation Failure) 1025M->1M(4095M) 0.480ms
[3.397s][info][gc] GC(6) Pause Young (Allocation Failure) 1364M->1M(4095M) 0.378ms
[3.934s][info][gc] GC(7) Pause Young (Allocation Failure) 1364M->1M(4095M) 0.199ms
[4.470s][info][gc] GC(8) Pause Young (Allocation Failure) 1364M->1M(4095M) 0.203ms
[5.005s][info][gc] GC(9) Pause Young (Allocation Failure) 1364M->1M(4095M) 0.225ms
[5.540s][info][gc] GC(10) Pause Young (Allocation Failure) 1364M->1M(4095M) 0.213ms
[6.076s][info][gc] GC(11) Pause Young (Allocation Failure) 1364M->1M(4095M) 0.215ms
[6.611s][info][gc] GC(12) Pause Young (Allocation Failure) 1364M->1M(4095M) 0.187ms
[7.146s][info][gc] GC(13) Pause Young (Allocation Failure) 1364M->1M(4095M) 0.211ms
[7.682s][info][gc] GC(14) Pause Young (Allocation Failure) 1364M->1M(4095M) 0.206ms
[8.217s][info][gc] GC(15) Pause Young (Allocation Failure) 1364M->1M(4095M) 0.339ms
[8.752s][info][gc] GC(16) Pause Young (Allocation Failure) 1364M->1M(4095M) 0.219ms
[9.287s][info][gc] GC(17) Pause Young (Allocation Failure) 1364M->1M(4095M) 0.180ms
[9.825s][info][gc] GC(18) Pause Young (Allocation Failure) 1364M->1M(4095M) 0.191ms
[10.362s][info][gc] GC(19) Pause Young (Allocation Failure) 1364M->1M(4095M) 0.221ms
[10.899s][info][gc] GC(20) Pause Young (Allocation Failure) 1364M->1M(4095M) 0.170ms
[11.436s][info][gc] GC(21) Pause Young (Allocation Failure) 1364M->1M(4095M) 0.244ms
[11.973s][info][gc] GC(22) Pause Young (Allocation Failure) 1364M->1M(4095M) 0.188ms
[12.521s][info][gc] GC(23) Pause Young (Allocation Failure) 1364M->1M(4095M) 0.221ms
[13.058s][info][gc] GC(24) Pause Young (Allocation Failure) 1365M->1M(4095M) 0.221ms
[13.599s][info][gc] GC(25) Pause Young (Allocation Failure) 1365M->1M(4095M) 0.169ms
[14.136s][info][gc] GC(26) Pause Young (Allocation Failure) 1365M->1M(4095M) 0.211ms
[14.672s][info][gc] GC(27) Pause Young (Allocation Failure) 1365M->1M(4095M) 0.209ms
[15.208s][info][gc] GC(28) Pause Young (Allocation Failure) 1365M->1M(4095M) 0.184ms
[15.748s][info][gc] GC(29) Pause Young (Allocation Failure) 1365M->1M(4095M) 0.165ms
[16.285s][info][gc] GC(30) Pause Young (Allocation Failure) 1365M->1M(4095M) 0.218ms
[16.821s][info][gc] GC(31) Pause Young (Allocation Failure) 1365M->1M(4095M) 0.226ms
[17.357s][info][gc] GC(32) Pause Young (Allocation Failure) 1365M->1M(4095M) 0.197ms
[17.895s][info][gc] GC(33) Pause Young (Allocation Failure) 1365M->1M(4095M) 0.171ms
[18.432s][info][gc] GC(34) Pause Young (Allocation Failure) 1365M->1M(4095M) 0.229ms
[18.969s][info][gc] GC(35) Pause Young (Allocation Failure) 1365M->1M(4095M) 0.169ms
[19.506s][info][gc] GC(36) Pause Young (Allocation Failure) 1365M->1M(4095M) 0.195ms
[20.046s][info][gc] GC(37) Pause Young (Allocation Failure) 1365M->1M(4095M) 0.238ms
[20.583s][info][gc] GC(38) Pause Young (Allocation Failure) 1365M->1M(4095M) 0.189ms
[21.120s][info][gc] GC(39) Pause Young (Allocation Failure) 1365M->1M(4095M) 0.164ms
[21.655s][info][gc] GC(40) Pause Young (Allocation Failure) 1365M->1M(4095M) 0.184ms
[22.191s][info][gc] GC(41) Pause Young (Allocation Failure) 1365M->1M(4095M) 0.189ms
[22.727s][info][gc] GC(42) Pause Young (Allocation Failure) 1365M->1M(4095M) 0.186ms
[23.264s][info][gc] GC(43) Pause Young (Allocation Failure) 1365M->1M(4095M) 0.209ms
[23.800s][info][gc] GC(44) Pause Young (Allocation Failure) 1365M->1M(4095M) 0.158ms
[24.336s][info][gc] GC(45) Pause Young (Allocation Failure) 1365M->1M(4095M) 0.233ms
[24.872s][info][gc] GC(46) Pause Young (Allocation Failure) 1365M->1M(4095M) 0.179ms
[25.407s][info][gc] GC(47) Pause Young (Allocation Failure) 1365M->1M(4095M) 0.166ms
[25.944s][info][gc] GC(48) Pause Young (Allocation Failure) 1365M->1M(4095M) 0.182ms
[26.480s][info][gc] GC(49) Pause Young (Allocation Failure) 1365M->1M(4095M) 0.168ms
[27.017s][info][gc] GC(50) Pause Young (Allocation Failure) 1365M->1M(4095M) 0.219ms
[27.554s][info][gc] GC(51) Pause Young (Allocation Failure) 1365M->1M(4095M) 0.202ms
[28.090s][info][gc] GC(52) Pause Young (Allocation Failure) 1365M->1M(4095M) 0.253ms
[28.627s][info][gc] GC(53) Pause Young (Allocation Failure) 1365M->1M(4095M) 0.186ms
[29.164s][info][gc] GC(54) Pause Young (Allocation Failure) 1365M->1M(4095M) 0.181ms
[29.700s][info][gc] GC(55) Pause Young (Allocation Failure) 1365M->1M(4095M) 0.171ms
[30.237s][info][gc] GC(56) Pause Young (Allocation Failure) 1365M->1M(4095M) 0.226ms
[30.773s][info][gc] GC(57) Pause Young (Allocation Failure) 1365M->1M(4095M) 0.199ms
[31.309s][info][gc] GC(58) Pause Young (Allocation Failure) 1365M->1M(4095M) 0.163ms
[31.845s][info][gc] GC(59) Pause Young (Allocation Failure) 1365M->1M(4095M) 0.240ms
[32.380s][info][gc] GC(60) Pause Young (Allocation Failure) 1365M->1M(4095M) 0.160ms
[32.916s][info][gc] GC(61) Pause Young (Allocation Failure) 1365M->1M(4095M) 0.171ms
[33.451s][info][gc] GC(62) Pause Young (Allocation Failure) 1365M->1M(4095M) 0.182ms
[33.987s][info][gc] GC(63) Pause Young (Allocation Failure) 1365M->1M(4095M) 0.191ms
[34.523s][info][gc] GC(64) Pause Young (Allocation Failure) 1365M->1M(4095M) 0.175ms
[35.059s][info][gc] GC(65) Pause Young (Allocation Failure) 1365M->1M(4095M) 0.179ms
[35.596s][info][gc] GC(66) Pause Young (Allocation Failure) 1365M->1M(4095M) 0.193ms
[36.132s][info][gc] GC(67) Pause Young (Allocation Failure) 1365M->1M(4095M) 0.214ms
[36.669s][info][gc] GC(68) Pause Young (Allocation Failure) 1365M->1M(4095M) 0.174ms
[37.206s][info][gc] GC(69) Pause Young (Allocation Failure) 1365M->1M(4095M) 0.232ms
[37.742s][info][gc] GC(70) Pause Young (Allocation Failure) 1365M->1M(4095M) 0.231ms
[38.278s][info][gc] GC(71) Pause Young (Allocation Failure) 1365M->1M(4095M) 0.194ms
[38.814s][info][gc] GC(72) Pause Young (Allocation Failure) 1365M->1M(4095M) 0.233ms
[39.350s][info][gc] GC(73) Pause Young (Allocation Failure) 1365M->1M(4095M) 0.167ms
[39.886s][info][gc] GC(74) Pause Young (Allocation Failure) 1365M->1M(4095M) 0.210ms
[40.422s][info][gc] GC(75) Pause Young (Allocation Failure) 1365M->1M(4095M) 0.201ms
[40.958s][info][gc] GC(76) Pause Young (Allocation Failure) 1365M->1M(4095M) 0.239ms
[41.494s][info][gc] GC(77) Pause Young (Allocation Failure) 1365M->1M(4095M) 0.201ms
[42.030s][info][gc] GC(78) Pause Young (Allocation Failure) 1365M->1M(4095M) 0.181ms
[42.566s][info][gc] GC(79) Pause Young (Allocation Failure) 1365M->1M(4095M) 0.219ms
[43.102s][info][gc] GC(80) Pause Young (Allocation Failure) 1365M->1M(4095M) 0.238ms
[43.638s][info][gc] GC(81) Pause Young (Allocation Failure) 1365M->1M(4095M) 0.241ms
[44.174s][info][gc] GC(82) Pause Young (Allocation Failure) 1365M->1M(4095M) 0.207ms
[44.711s][info][gc] GC(83) Pause Young (Allocation Failure) 1365M->1M(4095M) 0.187ms
[45.247s][info][gc] GC(84) Pause Young (Allocation Failure) 1365M->1M(4095M) 0.173ms
[45.783s][info][gc] GC(85) Pause Young (Allocation Failure) 1365M->1M(4095M) 0.192ms
[46.319s][info][gc] GC(86) Pause Young (Allocation Failure) 1365M->1M(4095M) 0.177ms
[46.855s][info][gc] GC(87) Pause Young (Allocation Failure) 1365M->1M(4095M) 0.171ms
[47.391s][info][gc] GC(88) Pause Young (Allocation Failure) 1365M->1M(4095M) 0.185ms
[47.927s][info][gc] GC(89) Pause Young (Allocation Failure) 1365M->1M(4095M) 0.178ms
[48.465s][info][gc] GC(90) Pause Young (Allocation Failure) 1365M->1M(4095M) 0.188ms
[49.002s][info][gc] GC(91) Pause Young (Allocation Failure) 1365M->1M(4095M) 0.227ms
[49.540s][info][gc] GC(92) Pause Young (Allocation Failure) 1365M->1M(4095M) 0.156ms
[50.076s][info][gc] GC(93) Pause Young (Allocation Failure) 1365M->1M(4095M) 0.236ms
[50.613s][info][gc] GC(94) Pause Young (Allocation Failure) 1365M->1M(4095M) 0.212ms
[51.151s][info][gc] GC(95) Pause Young (Allocation Failure) 1365M->1M(4095M) 0.187ms
[51.688s][info][gc] GC(96) Pause Young (Allocation Failure) 1365M->1M(4095M) 0.204ms
[52.225s][info][gc] GC(97) Pause Young (Allocation Failure) 1365M->1M(4095M) 0.232ms
[52.762s][info][gc] GC(98) Pause Young (Allocation Failure) 1365M->1M(4095M) 0.203ms
[53.299s][info][gc] GC(99) Pause Young (Allocation Failure) 1365M->1M(4095M) 0.198ms
[53.835s][info][gc] GC(100) Pause Young (Allocation Failure) 1365M->1M(4095M) 0.191ms
[54.372s][info][gc] GC(101) Pause Young (Allocation Failure) 1365M->1M(4095M) 0.268ms
[54.908s][info][gc] GC(102) Pause Young (Allocation Failure) 1365M->1M(4095M) 0.236ms
[55.445s][info][gc] GC(103) Pause Young (Allocation Failure) 1365M->1M(4095M) 0.228ms
[55.981s][info][gc] GC(104) Pause Young (Allocation Failure) 1365M->1M(4095M) 0.243ms
[56.517s][info][gc] GC(105) Pause Young (Allocation Failure) 1365M->1M(4095M) 0.229ms
[57.055s][info][gc] GC(106) Pause Young (Allocation Failure) 1365M->1M(4095M) 0.169ms
[57.592s][info][gc] GC(107) Pause Young (Allocation Failure) 1365M->1M(4095M) 0.160ms
[58.129s][info][gc] GC(108) Pause Young (Allocation Failure) 1365M->1M(4095M) 0.180ms
[58.666s][info][gc] GC(109) Pause Young (Allocation Failure) 1365M->1M(4095M) 0.216ms
[59.202s][info][gc] GC(110) Pause Young (Allocation Failure) 1365M->1M(4095M) 0.248ms
[59.739s][info][gc] GC(111) Pause Young (Allocation Failure) 1365M->1M(4095M) 0.182ms
[60.276s][info][gc] GC(112) Pause Young (Allocation Failure) 1365M->1M(4095M) 0.186ms
[60.809s][info][gc] GC(113) Pause Young (Allocation Failure) 1365M->1M(4095M) 0.232ms
[61.345s][info][gc] GC(114) Pause Young (Allocation Failure) 1365M->1M(4095M) 0.184ms
[61.882s][info][gc] GC(115) Pause Young (Allocation Failure) 1365M->1M(4095M) 0.218ms
[62.418s][info][gc] GC(116) Pause Young (Allocation Failure) 1365M->1M(4095M) 0.179ms
[62.955s][info][gc] GC(117) Pause Young (Allocation Failure) 1365M->1M(4095M) 0.189ms
[63.492s][info][gc] GC(118) Pause Young (Allocation Failure) 1365M->1M(4095M) 0.180ms
[64.028s][info][gc] GC(119) Pause Young (Allocation Failure) 1365M->1M(4095M) 0.208ms
[64.565s][info][gc] GC(120) Pause Young (Allocation Failure) 1365M->1M(4095M) 0.228ms
[65.102s][info][gc] GC(121) Pause Young (Allocation Failure) 1365M->1M(4095M) 0.226ms
[65.639s][info][gc] GC(122) Pause Young (Allocation Failure) 1365M->1M(4095M) 0.192ms
[66.176s][info][gc] GC(123) Pause Young (Allocation Failure) 1365M->1M(4095M) 0.179ms
[66.712s][info][gc] GC(124) Pause Young (Allocation Failure) 1365M->1M(4095M) 0.231ms
[67.249s][info][gc] GC(125) Pause Young (Allocation Failure) 1365M->1M(4095M) 0.200ms
[67.786s][info][gc] GC(126) Pause Young (Allocation Failure) 1365M->1M(4095M) 0.217ms
[68.322s][info][gc] GC(127) Pause Young (Allocation Failure) 1365M->1M(4095M) 0.223ms
[68.859s][info][gc] GC(128) Pause Young (Allocation Failure) 1365M->1M(4095M) 0.163ms
[69.396s][info][gc] GC(129) Pause Young (Allocation Failure) 1365M->1M(4095M) 0.174ms
[69.933s][info][gc] GC(130) Pause Young (Allocation Failure) 1365M->1M(4095M) 0.229ms
[70.469s][info][gc] GC(131) Pause Young (Allocation Failure) 1365M->1M(4095M) 0.197ms
[71.006s][info][gc] GC(132) Pause Young (Allocation Failure) 1365M->1M(4095M) 0.236ms
[71.542s][info][gc] GC(133) Pause Young (Allocation Failure) 1365M->1M(4095M) 0.182ms
[72.079s][info][gc] GC(134) Pause Young (Allocation Failure) 1365M->1M(4095M) 0.168ms
[72.615s][info][gc] GC(135) Pause Young (Allocation Failure) 1365M->1M(4095M) 0.197ms
[73.153s][info][gc] GC(136) Pause Young (Allocation Failure) 1365M->1M(4095M) 0.207ms
[73.692s][info][gc] GC(137) Pause Young (Allocation Failure) 1365M->1M(4095M) 0.193ms
[74.230s][info][gc] GC(138) Pause Young (Allocation Failure) 1365M->1M(4095M) 0.171ms
[74.768s][info][gc] GC(139) Pause Young (Allocation Failure) 1365M->1M(4095M) 0.196ms
[75.306s][info][gc] GC(140) Pause Young (Allocation Failure) 1365M->1M(4095M) 0.226ms
[75.844s][info][gc] GC(141) Pause Young (Allocation Failure) 1365M->1M(4095M) 0.168ms
[76.382s][info][gc] GC(142) Pause Young (Allocation Failure) 1365M->1M(4095M) 0.232ms
[76.920s][info][gc] GC(143) Pause Young (Allocation Failure) 1365M->1M(4095M) 0.162ms
[77.458s][info][gc] GC(144) Pause Young (Allocation Failure) 1365M->1M(4095M) 0.183ms
[77.997s][info][gc] GC(145) Pause Young (Allocation Failure) 1365M->1M(4095M) 0.238ms
[78.535s][info][gc] GC(146) Pause Young (Allocation Failure) 1365M->1M(4095M) 0.186ms
[79.073s][info][gc] GC(147) Pause Young (Allocation Failure) 1365M->1M(4095M) 0.179ms
[79.612s][info][gc] GC(148) Pause Young (Allocation Failure) 1365M->1M(4095M) 0.166ms
[80.150s][info][gc] GC(149) Pause Young (Allocation Failure) 1365M->1M(4095M) 0.165ms
[80.689s][info][gc] GC(150) Pause Young (Allocation Failure) 1365M->1M(4095M) 0.180ms
[81.228s][info][gc] GC(151) Pause Young (Allocation Failure) 1365M->1M(4095M) 0.239ms
[81.767s][info][gc] GC(152) Pause Young (Allocation Failure) 1365M->1M(4095M) 0.181ms
[82.306s][info][gc] GC(153) Pause Young (Allocation Failure) 1365M->1M(4095M) 0.212ms
[82.845s][info][gc] GC(154) Pause Young (Allocation Failure) 1365M->1M(4095M) 0.227ms
[83.385s][info][gc] GC(155) Pause Young (Allocation Failure) 1365M->1M(4095M) 0.226ms
[83.924s][info][gc] GC(156) Pause Young (Allocation Failure) 1365M->1M(4095M) 0.198ms
[84.463s][info][gc] GC(157) Pause Young (Allocation Failure) 1365M->1M(4095M) 0.200ms
[85.003s][info][gc] GC(158) Pause Young (Allocation Failure) 1365M->1M(4095M) 0.182ms
[85.542s][info][gc] GC(159) Pause Young (Allocation Failure) 1365M->1M(4095M) 0.219ms
[86.081s][info][gc] GC(160) Pause Young (Allocation Failure) 1365M->1M(4095M) 0.217ms
[86.621s][info][gc] GC(161) Pause Young (Allocation Failure) 1365M->1M(4095M) 0.230ms
[87.160s][info][gc] GC(162) Pause Young (Allocation Failure) 1365M->1M(4095M) 0.170ms
[87.700s][info][gc] GC(163) Pause Young (Allocation Failure) 1365M->1M(4095M) 0.164ms
[88.240s][info][gc] GC(164) Pause Young (Allocation Failure) 1365M->1M(4095M) 0.167ms
[88.780s][info][gc] GC(165) Pause Young (Allocation Failure) 1365M->1M(4095M) 0.175ms
[89.317s][info][gc] GC(166) Pause Young (Allocation Failure) 1365M->1M(4095M) 0.200ms
[89.854s][info][gc] GC(167) Pause Young (Allocation Failure) 1365M->1M(4095M) 0.235ms
[90.396s][info][gc] GC(168) Pause Young (Allocation Failure) 1365M->1M(4095M) 0.234ms
[90.936s][info][gc] GC(169) Pause Young (Allocation Failure) 1365M->1M(4095M) 0.185ms
[91.474s][info][gc] GC(170) Pause Young (Allocation Failure) 1365M->1M(4095M) 0.177ms
[92.011s][info][gc] GC(171) Pause Young (Allocation Failure) 1365M->1M(4095M) 0.177ms
[92.548s][info][gc] GC(172) Pause Young (Allocation Failure) 1365M->1M(4095M) 0.181ms
[93.084s][info][gc] GC(173) Pause Young (Allocation Failure) 1365M->1M(4095M) 0.188ms
[93.621s][info][gc] GC(174) Pause Young (Allocation Failure) 1365M->1M(4095M) 0.235ms
[94.158s][info][gc] GC(175) Pause Young (Allocation Failure) 1365M->1M(4095M) 0.212ms
[94.694s][info][gc] GC(176) Pause Young (Allocation Failure) 1365M->1M(4095M) 0.249ms
[95.231s][info][gc] GC(177) Pause Young (Allocation Failure) 1365M->1M(4095M) 0.187ms
[95.768s][info][gc] GC(178) Pause Young (Allocation Failure) 1365M->1M(4095M) 0.235ms
[96.305s][info][gc] GC(179) Pause Young (Allocation Failure) 1365M->1M(4095M) 0.193ms
[96.842s][info][gc] GC(180) Pause Young (Allocation Failure) 1365M->1M(4095M) 0.211ms
[97.378s][info][gc] GC(181) Pause Young (Allocation Failure) 1365M->1M(4095M) 0.179ms
[97.915s][info][gc] GC(182) Pause Young (Allocation Failure) 1365M->1M(4095M) 0.188ms
[98.452s][info][gc] GC(183) Pause Young (Allocation Failure) 1365M->1M(4095M) 0.201ms
[98.989s][info][gc] GC(184) Pause Young (Allocation Failure) 1365M->1M(4095M) 0.191ms
[99.526s][info][gc] GC(185) Pause Young (Allocation Failure) 1365M->1M(4095M) 0.228ms
[100.062s][info][gc] GC(186) Pause Young (Allocation Failure) 1365M->1M(4095M) 0.231ms
[100.599s][info][gc] GC(187) Pause Young (Allocation Failure) 1365M->1M(4095M) 0.158ms
[101.135s][info][gc] GC(188) Pause Young (Allocation Failure) 1365M->1M(4095M) 0.188ms
[101.672s][info][gc] GC(189) Pause Young (Allocation Failure) 1365M->1M(4095M) 0.215ms
[102.209s][info][gc] GC(190) Pause Young (Allocation Failure) 1365M->1M(4095M) 0.179ms
[102.746s][info][gc] GC(191) Pause Young (Allocation Failure) 1365M->1M(4095M) 0.202ms
[103.283s][info][gc] GC(192) Pause Young (Allocation Failure) 1365M->1M(4095M) 0.191ms
[103.820s][info][gc] GC(193) Pause Young (Allocation Failure) 1365M->1M(4095M) 0.155ms
[104.357s][info][gc] GC(194) Pause Young (Allocation Failure) 1365M->1M(4095M) 0.200ms
[104.894s][info][gc] GC(195) Pause Young (Allocation Failure) 1365M->1M(4095M) 0.220ms
[105.431s][info][gc] GC(196) Pause Young (Allocation Failure) 1365M->1M(4095M) 0.171ms
[105.970s][info][gc] GC(197) Pause Young (Allocation Failure) 1365M->1M(4095M) 0.175ms
[106.513s][info][gc] GC(198) Pause Young (Allocation Failure) 1365M->1M(4095M) 0.227ms
[107.052s][info][gc] GC(199) Pause Young (Allocation Failure) 1365M->1M(4095M) 0.221ms
[107.589s][info][gc] GC(200) Pause Young (Allocation Failure) 1365M->1M(4095M) 0.165ms
[108.129s][info][gc] GC(201) Pause Young (Allocation Failure) 1365M->1M(4095M) 0.243ms
[108.670s][info][gc] GC(202) Pause Young (Allocation Failure) 1365M->1M(4095M) 0.164ms
[109.208s][info][gc] GC(203) Pause Young (Allocation Failure) 1365M->1M(4095M) 0.179ms
[109.745s][info][gc] GC(204) Pause Young (Allocation Failure) 1365M->1M(4095M) 0.228ms
[110.283s][info][gc] GC(205) Pause Young (Allocation Failure) 1365M->1M(4095M) 0.188ms
[110.825s][info][gc] GC(206) Pause Young (Allocation Failure) 1365M->1M(4095M) 0.224ms
[111.365s][info][gc] GC(207) Pause Young (Allocation Failure) 1365M->1M(4095M) 0.215ms
[111.903s][info][gc] GC(208) Pause Young (Allocation Failure) 1365M->1M(4095M) 0.171ms
[112.440s][info][gc] GC(209) Pause Young (Allocation Failure) 1365M->1M(4095M) 0.164ms
[112.977s][info][gc] GC(210) Pause Young (Allocation Failure) 1365M->1M(4095M) 0.205ms
[113.513s][info][gc] GC(211) Pause Young (Allocation Failure) 1365M->1M(4095M) 0.177ms
[114.050s][info][gc] GC(212) Pause Young (Allocation Failure) 1365M->1M(4095M) 0.231ms
[114.592s][info][gc] GC(213) Pause Young (Allocation Failure) 1365M->1M(4095M) 0.213ms
[115.133s][info][gc] GC(214) Pause Young (Allocation Failure) 1365M->1M(4095M) 0.231ms
[115.674s][info][gc] GC(215) Pause Young (Allocation Failure) 1365M->1M(4095M) 0.234ms
[116.216s][info][gc] GC(216) Pause Young (Allocation Failure) 1365M->1M(4095M) 0.197ms
[116.757s][info][gc] GC(217) Pause Young (Allocation Failure) 1365M->1M(4095M) 0.243ms
[117.297s][info][gc] GC(218) Pause Young (Allocation Failure) 1365M->1M(4095M) 0.182ms
[117.834s][info][gc] GC(219) Pause Young (Allocation Failure) 1365M->1M(4095M) 0.241ms
[118.371s][info][gc] GC(220) Pause Young (Allocation Failure) 1365M->1M(4095M) 0.201ms
[118.908s][info][gc] GC(221) Pause Young (Allocation Failure) 1365M->1M(4095M) 0.183ms
[119.444s][info][gc] GC(222) Pause Young (Allocation Failure) 1365M->1M(4095M) 0.197ms
[119.980s][info][gc] GC(223) Pause Young (Allocation Failure) 1365M->1M(4095M) 0.179ms
[120.516s][info][gc] GC(224) Pause Young (Allocation Failure) 1365M->1M(4095M) 0.232ms
[121.051s][info][gc] GC(225) Pause Young (Allocation Failure) 1365M->1M(4095M) 0.193ms
[121.587s][info][gc] GC(226) Pause Young (Allocation Failure) 1365M->1M(4095M) 0.172ms
[122.123s][info][gc] GC(227) Pause Young (Allocation Failure) 1365M->1M(4095M) 0.188ms
[122.660s][info][gc] GC(228) Pause Young (Allocation Failure) 1365M->1M(4095M) 0.180ms
[123.196s][info][gc] GC(229) Pause Young (Allocation Failure) 1365M->1M(4095M) 0.237ms
[123.733s][info][gc] GC(230) Pause Young (Allocation Failure) 1365M->1M(4095M) 0.223ms
[124.271s][info][gc] GC(231) Pause Young (Allocation Failure) 1365M->1M(4095M) 0.212ms
[124.814s][info][gc] GC(232) Pause Young (Allocation Failure) 1365M->1M(4095M) 0.243ms
[125.354s][info][gc] GC(233) Pause Young (Allocation Failure) 1365M->1M(4095M) 0.208ms