[0.002s][info][gc] Using Parallel
[0.779s][info][gc] GC(0) Pause Young (Allocation Failure) 1025M->1M(3925M) 1.242ms
[1.286s][info][gc] GC(1) Pause Young (Allocation Failure) 1025M->1M(3925M) 0.466ms
[1.774s][info][gc] GC(2) Pause Young (Allocation Failure) 1025M->1M(3925M) 0.380ms
[2.258s][info][gc] GC(3) Pause Young (Allocation Failure) 1025M->1M(3925M) 0.367ms
[2.743s][info][gc] GC(4) Pause Young (Allocation Failure) 1025M->1M(3925M) 0.391ms
[3.228s][info][gc] GC(5) Pause Young (Allocation Failure) 1025M->1M(4095M) 0.388ms
[3.966s][info][gc] GC(6) Pause Young (Allocation Failure) 1364M->1M(4095M) 0.299ms
[4.613s][info][gc] GC(7) Pause Young (Allocation Failure) 1364M->1M(4095M) 0.226ms
[5.260s][info][gc] GC(8) Pause Young (Allocation Failure) 1364M->1M(4095M) 0.179ms
[5.907s][info][gc] GC(9) Pause Young (Allocation Failure) 1364M->1M(4095M) 0.184ms
[6.555s][info][gc] GC(10) Pause Young (Allocation Failure) 1364M->1M(4095M) 0.178ms
[7.203s][info][gc] GC(11) Pause Young (Allocation Failure) 1364M->1M(4095M) 0.198ms
[7.851s][info][gc] GC(12) Pause Young (Allocation Failure) 1364M->1M(4095M) 0.202ms
[8.499s][info][gc] GC(13) Pause Young (Allocation Failure) 1364M->1M(4095M) 0.203ms
[9.142s][info][gc] GC(14) Pause Young (Allocation Failure) 1364M->1M(4095M) 0.186ms
[9.786s][info][gc] GC(15) Pause Young (Allocation Failure) 1364M->1M(4095M) 0.243ms
[10.429s][info][gc] GC(16) Pause Young (Allocation Failure) 1364M->1M(4095M) 0.195ms
[11.072s][info][gc] GC(17) Pause Young (Allocation Failure) 1364M->1M(4095M) 0.187ms
[11.716s][info][gc] GC(18) Pause Young (Allocation Failure) 1364M->1M(4095M) 0.189ms
[12.360s][info][gc] GC(19) Pause Young (Allocation Failure) 1364M->1M(4095M) 0.174ms
[13.004s][info][gc] GC(20) Pause Young (Allocation Failure) 1364M->1M(4095M) 0.195ms
[13.649s][info][gc] GC(21) Pause Young (Allocation Failure) 1364M->1M(4095M) 0.187ms
[14.292s][info][gc] GC(22) Pause Young (Allocation Failure) 1364M->1M(4095M) 0.174ms
[14.936s][info][gc] GC(23) Pause Young (Allocation Failure) 1364M->1M(4095M) 0.175ms
[15.580s][info][gc] GC(24) Pause Young (Allocation Failure) 1365M->1M(4095M) 0.156ms
[16.225s][info][gc] GC(25) Pause Young (Allocation Failure) 1365M->1M(4095M) 0.251ms
[16.869s][info][gc] GC(26) Pause Young (Allocation Failure) 1365M->1M(4095M) 0.228ms
[17.512s][info][gc] GC(27) Pause Young (Allocation Failure) 1365M->1M(4095M) 0.195ms
[18.157s][info][gc] GC(28) Pause Young (Allocation Failure) 1365M->1M(4095M) 0.186ms
[18.801s][info][gc] GC(29) Pause Young (Allocation Failure) 1365M->1M(4095M) 0.162ms
[19.446s][info][gc] GC(30) Pause Young (Allocation Failure) 1365M->1M(4095M) 0.205ms
[20.092s][info][gc] GC(31) Pause Young (Allocation Failure) 1365M->1M(4095M) 0.184ms
[20.737s][info][gc] GC(32) Pause Young (Allocation Failure) 1365M->1M(4095M) 0.202ms
[21.382s][info][gc] GC(33) Pause Young (Allocation Failure) 1365M->1M(4095M) 0.237ms
[22.027s][info][gc] GC(34) Pause Young (Allocation Failure) 1365M->1M(4095M) 0.223ms
[22.673s][info][gc] GC(35) Pause Young (Allocation Failure) 1365M->1M(4095M) 0.205ms
[23.318s][info][gc] GC(36) Pause Young (Allocation Failure) 1365M->1M(4095M) 0.214ms
[23.964s][info][gc] GC(37) Pause Young (Allocation Failure) 1365M->1M(4095M) 0.185ms
[24.609s][info][gc] GC(38) Pause Young (Allocation Failure) 1365M->1M(4095M) 0.193ms
[25.253s][info][gc] GC(39) Pause Young (Allocation Failure) 1365M->1M(4095M) 0.214ms
[25.896s][info][gc] GC(40) Pause Young (Allocation Failure) 1365M->1M(4095M) 0.182ms
[26.543s][info][gc] GC(41) Pause Young (Allocation Failure) 1365M->1M(4095M) 0.205ms
[27.189s][info][gc] GC(42) Pause Young (Allocation Failure) 1365M->1M(4095M) 0.222ms
[27.834s][info][gc] GC(43) Pause Young (Allocation Failure) 1365M->1M(4095M) 0.227ms
[28.479s][info][gc] GC(44) Pause Young (Allocation Failure) 1365M->1M(4095M) 0.237ms
[29.124s][info][gc] GC(45) Pause Young (Allocation Failure) 1365M->1M(4095M) 0.187ms
[29.770s][info][gc] GC(46) Pause Young (Allocation Failure) 1365M->1M(4095M) 0.170ms
[30.417s][info][gc] GC(47) Pause Young (Allocation Failure) 1365M->1M(4095M) 0.232ms
[31.065s][info][gc] GC(48) Pause Young (Allocation Failure) 1365M->1M(4095M) 0.183ms
[31.712s][info][gc] GC(49) Pause Young (Allocation Failure) 1365M->1M(4095M) 0.190ms
[32.359s][info][gc] GC(50) Pause Young (Allocation Failure) 1365M->1M(4095M) 0.216ms
[33.005s][info][gc] GC(51) Pause Young (Allocation Failure) 1365M->1M(4095M) 0.229ms
[33.650s][info][gc] GC(52) Pause Young (Allocation Failure) 1365M->1M(4095M) 0.175ms
[34.295s][info][gc] GC(53) Pause Young (Allocation Failure) 1365M->1M(4095M) 0.227ms
[34.939s][info][gc] GC(54) Pause Young (Allocation Failure) 1365M->1M(4095M) 0.244ms
[35.583s][info][gc] GC(55) Pause Young (Allocation Failure) 1365M->1M(4095M) 0.180ms
[36.229s][info][gc] GC(56) Pause Young (Allocation Failure) 1365M->1M(4095M) 0.191ms
[36.873s][info][gc] GC(57) Pause Young (Allocation Failure) 1365M->1M(4095M) 0.229ms
[37.517s][info][gc] GC(58) Pause Young (Allocation Failure) 1365M->1M(4095M) 0.236ms
[38.161s][info][gc] GC(59) Pause Young (Allocation Failure) 1365M->1M(4095M) 0.164ms
[38.806s][info][gc] GC(60) Pause Young (Allocation Failure) 1365M->1M(4095M) 0.232ms
[39.450s][info][gc] GC(61) Pause Young (Allocation Failure) 1365M->1M(4095M) 0.163ms
[40.095s][info][gc] GC(62) Pause Young (Allocation Failure) 1365M->1M(4095M) 0.218ms
[40.740s][info][gc] GC(63) Pause Young (Allocation Failure) 1365M->1M(4095M) 0.172ms
[41.385s][info][gc] GC(64) Pause Young (Allocation Failure) 1365M->1M(4095M) 0.224ms
[42.030s][info][gc] GC(65) Pause Young (Allocation Failure) 1365M->1M(4095M) 0.187ms
[42.674s][info][gc] GC(66) Pause Young (Allocation Failure) 1365M->1M(4095M) 0.211ms
[43.319s][info][gc] GC(67) Pause Young (Allocation Failure) 1365M->1M(4095M) 0.205ms
[43.964s][info][gc] GC(68) Pause Young (Allocation Failure) 1365M->1M(4095M) 0.182ms
[44.610s][info][gc] GC(69) Pause Young (Allocation Failure) 1365M->1M(4095M) 0.245ms
[45.274s][info][gc] GC(70) Pause Young (Allocation Failure) 1365M->1M(4095M) 0.225ms
[45.953s][info][gc] GC(71) Pause Young (Allocation Failure) 1365M->1M(4095M) 0.187ms
[46.611s][info][gc] GC(72) Pause Young (Allocation Failure) 1365M->1M(4095M) 0.181ms
[47.256s][info][gc] GC(73) Pause Young (Allocation Failure) 1365M->1M(4095M) 0.186ms
[47.901s][info][gc] GC(74) Pause Young (Allocation Failure) 1365M->1M(4095M) 0.176ms
[48.545s][info][gc] GC(75) Pause Young (Allocation Failure) 1365M->1M(4095M) 0.236ms
[49.190s][info][gc] GC(76) Pause Young (Allocation Failure) 1365M->1M(4095M) 0.171ms
[49.835s][info][gc] GC(77) Pause Young (Allocation Failure) 1365M->1M(4095M) 0.214ms
[50.482s][info][gc] GC(78) Pause Young (Allocation Failure) 1365M->1M(4095M) 0.227ms
[51.128s][info][gc] GC(79) Pause Young (Allocation Failure) 1365M->1M(4095M) 0.188ms
[51.774s][info][gc] GC(80) Pause Young (Allocation Failure) 1365M->1M(4095M) 0.231ms
[52.422s][info][gc] GC(81) Pause Young (Allocation Failure) 1365M->1M(4095M) 0.231ms
[53.066s][info][gc] GC(82) Pause Young (Allocation Failure) 1365M->1M(4095M) 0.187ms
[53.710s][info][gc] GC(83) Pause Young (Allocation Failure) 1365M->1M(4095M) 0.236ms
[54.352s][info][gc] GC(84) Pause Young (Allocation Failure) 1365M->1M(4095M) 0.170ms
[54.995s][info][gc] GC(85) Pause Young (Allocation Failure) 1365M->1M(4095M) 0.203ms
[55.638s][info][gc] GC(86) Pause Young (Allocation Failure) 1365M->1M(4095M) 0.215ms
[56.281s][info][gc] GC(87) Pause Young (Allocation Failure) 1365M->1M(4095M) 0.171ms
[56.924s][info][gc] GC(88) Pause Young (Allocation Failure) 1365M->1M(4095M) 0.183ms
[57.567s][info][gc] GC(89) Pause Young (Allocation Failure) 1365M->1M(4095M) 0.230ms
[58.211s][info][gc] GC(90) Pause Young (Allocation Failure) 1365M->1M(4095M) 0.167ms
[58.855s][info][gc] GC(91) Pause Young (Allocation Failure) 1365M->1M(4095M) 0.224ms
[59.499s][info][gc] GC(92) Pause Young (Allocation Failure) 1365M->1M(4095M) 0.210ms
[60.144s][info][gc] GC(93) Pause Young (Allocation Failure) 1365M->1M(4095M) 0.198ms
[60.788s][info][gc] GC(94) Pause Young (Allocation Failure) 1365M->1M(4095M) 0.179ms
[61.433s][info][gc] GC(95) Pause Young (Allocation Failure) 1365M->1M(4095M) 0.268ms
[62.077s][info][gc] GC(96) Pause Young (Allocation Failure) 1365M->1M(4095M) 0.226ms
[62.722s][info][gc] GC(97) Pause Young (Allocation Failure) 1365M->1M(4095M) 0.181ms
[63.367s][info][gc] GC(98) Pause Young (Allocation Failure) 1365M->1M(4095M) 0.207ms
[64.013s][info][gc] GC(99) Pause Young (Allocation Failure) 1365M->1M(4095M) 0.239ms
[64.658s][info][gc] GC(100) Pause Young (Allocation Failure) 1365M->1M(4095M) 0.240ms
[65.304s][info][gc] GC(101) Pause Young (Allocation Failure) 1365M->1M(4095M) 0.204ms
[65.949s][info][gc] GC(102) Pause Young (Allocation Failure) 1365M->1M(4095M) 0.187ms
[66.595s][info][gc] GC(103) Pause Young (Allocation Failure) 1365M->1M(4095M) 0.224ms
[67.241s][info][gc] GC(104) Pause Young (Allocation Failure) 1365M->1M(4095M) 0.160ms
[67.887s][info][gc] GC(105) Pause Young (Allocation Failure) 1365M->1M(4095M) 0.211ms
[68.531s][info][gc] GC(106) Pause Young (Allocation Failure) 1365M->1M(4095M) 0.212ms
[69.175s][info][gc] GC(107) Pause Young (Allocation Failure) 1365M->1M(4095M) 0.229ms
[69.821s][info][gc] GC(108) Pause Young (Allocation Failure) 1365M->1M(4095M) 0.173ms
[70.467s][info][gc] GC(109) Pause Young (Allocation Failure) 1365M->1M(4095M) 0.244ms
[71.113s][info][gc] GC(110) Pause Young (Allocation Failure) 1365M->1M(4095M) 0.182ms
[71.756s][info][gc] GC(111) Pause Young (Allocation Failure) 1365M->1M(4095M) 0.186ms
[72.398s][info][gc] GC(112) Pause Young (Allocation Failure) 1365M->1M(4095M) 0.214ms
[73.042s][info][gc] GC(113) Pause Young (Allocation Failure) 1365M->1M(4095M) 0.197ms
[73.685s][info][gc] GC(114) Pause Young (Allocation Failure) 1365M->1M(4095M) 0.204ms
[74.328s][info][gc] GC(115) Pause Young (Allocation Failure) 1365M->1M(4095M) 0.178ms
[74.972s][info][gc] GC(116) Pause Young (Allocation Failure) 1365M->1M(4095M) 0.180ms
[75.615s][info][gc] GC(117) Pause Young (Allocation Failure) 1365M->1M(4095M) 0.227ms
[76.258s][info][gc] GC(118) Pause Young (Allocation Failure) 1365M->1M(4095M) 0.228ms
[76.904s][info][gc] GC(119) Pause Young (Allocation Failure) 1365M->1M(4095M) 0.188ms
[77.549s][info][gc] GC(120) Pause Young (Allocation Failure) 1365M->1M(4095M) 0.215ms
[78.195s][info][gc] GC(121) Pause Young (Allocation Failure) 1365M->1M(4095M) 0.208ms
[78.842s][info][gc] GC(122) Pause Young (Allocation Failure) 1365M->1M(4095M) 0.209ms
[79.487s][info][gc] GC(123) Pause Young (Allocation Failure) 1365M->1M(4095M) 0.225ms
[80.134s][info][gc] GC(124) Pause Young (Allocation Failure) 1365M->1M(4095M) 0.231ms
[80.780s][info][gc] GC(125) Pause Young (Allocation Failure) 1365M->1M(4095M) 0.184ms
[81.426s][info][gc] GC(126) Pause Young (Allocation Failure) 1365M->1M(4095M) 0.220ms
[82.072s][info][gc] GC(127) Pause Young (Allocation Failure) 1365M->1M(4095M) 0.171ms
[82.719s][info][gc] GC(128) Pause Young (Allocation Failure) 1365M->1M(4095M) 0.230ms
[83.363s][info][gc] GC(129) Pause Young (Allocation Failure) 1365M->1M(4095M) 0.223ms
[84.007s][info][gc] GC(130) Pause Young (Allocation Failure) 1365M->1M(4095M) 0.229ms
[84.652s][info][gc] GC(131) Pause Young (Allocation Failure) 1365M->1M(4095M) 0.208ms
[85.294s][info][gc] GC(132) Pause Young (Allocation Failure) 1365M->1M(4095M) 0.199ms
[85.938s][info][gc] GC(133) Pause Young (Allocation Failure) 1365M->1M(4095M) 0.237ms
[86.581s][info][gc] GC(134) Pause Young (Allocation Failure) 1365M->1M(4095M) 0.172ms
[87.223s][info][gc] GC(135) Pause Young (Allocation Failure) 1365M->1M(4095M) 0.234ms
[87.871s][info][gc] GC(136) Pause Young (Allocation Failure) 1365M->1M(4095M) 0.166ms
[88.515s][info][gc] GC(137) Pause Young (Allocation Failure) 1365M->1M(4095M) 0.231ms
[89.158s][info][gc] GC(138) Pause Young (Allocation Failure) 1365M->1M(4095M) 0.247ms
[89.804s][info][gc] GC(139) Pause Young (Allocation Failure) 1365M->1M(4095M) 0.185ms
[90.448s][info][gc] GC(140) Pause Young (Allocation Failure) 1365M->1M(4095M) 0.193ms
[91.095s][info][gc] GC(141) Pause Young (Allocation Failure) 1365M->1M(4095M) 0.214ms
[91.742s][info][gc] GC(142) Pause Young (Allocation Failure) 1365M->1M(4095M) 0.206ms
[92.389s][info][gc] GC(143) Pause Young (Allocation Failure) 1365M->1M(4095M) 0.230ms
[93.035s][info][gc] GC(144) Pause Young (Allocation Failure) 1365M->1M(4095M) 0.209ms
[93.681s][info][gc] GC(145) Pause Young (Allocation Failure) 1365M->1M(4095M) 0.163ms
[94.327s][info][gc] GC(146) Pause Young (Allocation Failure) 1365M->1M(4095M) 0.202ms
[94.973s][info][gc] GC(147) Pause Young (Allocation Failure) 1365M->1M(4095M) 0.183ms
[95.618s][info][gc] GC(148) Pause Young (Allocation Failure) 1365M->1M(4095M) 0.206ms
[96.264s][info][gc] GC(149) Pause Young (Allocation Failure) 1365M->1M(4095M) 0.191ms
[96.911s][info][gc] GC(150) Pause Young (Allocation Failure) 1365M->1M(4095M) 0.178ms
[97.556s][info][gc] GC(151) Pause Young (Allocation Failure) 1365M->1M(4095M) 0.164ms
[98.201s][info][gc] GC(152) Pause Young (Allocation Failure) 1365M->1M(4095M) 0.162ms
[98.847s][info][gc] GC(153) Pause Young (Allocation Failure) 1365M->1M(4095M) 0.191ms
[99.492s][info][gc] GC(154) Pause Young (Allocation Failure) 1365M->1M(4095M) 0.168ms
[100.139s][info][gc] GC(155) Pause Young (Allocation Failure) 1365M->1M(4095M) 0.172ms
[100.786s][info][gc] GC(156) Pause Young (Allocation Failure) 1365M->1M(4095M) 0.230ms
[101.432s][info][gc] GC(157) Pause Young (Allocation Failure) 1365M->1M(4095M) 0.188ms
[102.080s][info][gc] GC(158) Pause Young (Allocation Failure) 1365M->1M(4095M) 0.202ms
[102.727s][info][gc] GC(159) Pause Young (Allocation Failure) 1365M->1M(4095M) 0.236ms
[103.372s][info][gc] GC(160) Pause Young (Allocation Failure) 1365M->1M(4095M) 0.171ms
